
> photographer-portfolio@0.1.0 build
> next build

npm : ΓÜá Warning: Next.js inferred your workspace root, but it may 
not be correct.
At line:1 char:1
+ npm run build > build_output.txt 2>&1
+ ~~~~~~~~~~~~~~~~~~~~~~~~~~~~~~~~~~~~~
    + CategoryInfo          : NotSpecified: (ΓÜá Warning: Ne...not  
   be correct.:String) [], RemoteException
    + FullyQualifiedErrorId : NativeCommandError
 
 We detected multiple lockfiles and selected the directory of 
C:\Users\manik\package-lock.json as the root directory.
 To silence this warning, set `turbopack.root` in your Next.js 
config, or consider removing one of the lockfiles if it's not 
needed.
   See https://nextjs.org/docs/app/api-reference/config/next-config-
js/turbopack#root-directory for more information.
 Detected additional lockfiles: 
   * C:\Users\manik\OneDrive\Desktop\DigitalArc-Technologies\photogr
apher-portfolio\package-lock.json

Γû▓ Next.js 16.1.6 (Turbopack)

  Creating an optimized production build ...
Γ£ô Compiled successfully in 5.1s
  Running TypeScript ...
Failed to compile.

./components/ServiceModal.tsx:48:7
Type error: 'service.religions' is possibly 'undefined'.

[0m [90m 46 |[39m   [36mconst[39m hasReligions [33m=[39m 
service[33m.[39mreligions [33m&&[39m 
service[33m.[39mreligions[33m.[39mlength [33m>[39m [35m0[39m
 [90m 47 |[39m   [36mconst[39m currentEvents [33m=[39m 
hasReligions [33m&&[39m selectedReligion
[31m[1m>[22m[39m[90m 48 |[39m     [33m?[39m 
service[33m.[39mreligions[33m.[39mfind(r [33m=>[39m 
r[33m.[39mslug [33m===[39m 
selectedReligion)[33m?[39m[33m.[39mevents [33m||[39m []
 [90m    |[39m       [31m[1m^[22m[39m
 [90m 49 |[39m     [33m:[39m service[33m.[39mevents 
[33m||[39m []
 [90m 50 |[39m
 [90m 51 |[39m   [36mconst[39m toggleEvent [33m=[39m 
(event[33m:[39m string) [33m=>[39m {[0m
Next.js build worker exited with code: 1 and signal: null
